------------------------------------------------------------
TimeQuest Timing Analyzer Summary
------------------------------------------------------------

Type  : Slow 1200mV 85C Model Setup 'u0|pcie_ip|pcie_internal_hip|cyclone_iii.cycloneiv_hssi_pcie_hip|coreclkout'
Slack : -0.498
TNS   : -25.160

Type  : Slow 1200mV 85C Model Setup 'n/a'
Slack : 13.778
TNS   : 0.000

Type  : Slow 1200mV 85C Model Setup 'CLOCK_50'
Slack : 16.687
TNS   : 0.000

Type  : Slow 1200mV 85C Model Setup 'altera_reserved_tck'
Slack : 46.743
TNS   : 0.000

Type  : Slow 1200mV 85C Model Hold 'u0|pcie_ip|pcie_internal_hip|cyclone_iii.cycloneiv_hssi_pcie_hip|coreclkout'
Slack : 0.293
TNS   : 0.000

Type  : Slow 1200mV 85C Model Hold 'altera_reserved_tck'
Slack : 0.392
TNS   : 0.000

Type  : Slow 1200mV 85C Model Hold 'CLOCK_50'
Slack : 0.397
TNS   : 0.000

Type  : Slow 1200mV 85C Model Hold 'n/a'
Slack : 5.726
TNS   : 0.000

Type  : Slow 1200mV 85C Model Recovery 'u0|pcie_ip|pcie_internal_hip|cyclone_iii.cycloneiv_hssi_pcie_hip|coreclkout'
Slack : 3.308
TNS   : 0.000

Type  : Slow 1200mV 85C Model Recovery 'altera_reserved_tck'
Slack : 48.332
TNS   : 0.000

Type  : Slow 1200mV 85C Model Removal 'u0|pcie_ip|pcie_internal_hip|cyclone_iii.cycloneiv_hssi_pcie_hip|coreclkout'
Slack : 1.030
TNS   : 0.000

Type  : Slow 1200mV 85C Model Removal 'altera_reserved_tck'
Slack : 1.133
TNS   : 0.000

Type  : Slow 1200mV 85C Model Minimum Pulse Width 'u0|pcie_ip|altgx_internal|de2i_150_qsys_pcie_ip_altgx_internal_alt_c3gxb_u7h8_component|transmit_pcs0|hiptxclkout'
Slack : 2.000
TNS   : 0.000

Type  : Slow 1200mV 85C Model Minimum Pulse Width 'u0|pcie_ip|altgx_internal|de2i_150_qsys_pcie_ip_altgx_internal_alt_c3gxb_u7h8_component|transmit_pma0|clockout'
Slack : 2.000
TNS   : 0.000

Type  : Slow 1200mV 85C Model Minimum Pulse Width 'u0|pcie_ip|pcie_internal_hip|cyclone_iii.cycloneiv_hssi_pcie_hip|coreclkout'
Slack : 3.574
TNS   : 0.000

Type  : Slow 1200mV 85C Model Minimum Pulse Width 'u0|pcie_ip|pcie_internal_hip|cyclone_iii.cycloneiv_hssi_pcie_hip|pclkch0'
Slack : 3.977
TNS   : 0.000

Type  : Slow 1200mV 85C Model Minimum Pulse Width 'refclk'
Slack : 4.813
TNS   : 0.000

Type  : Slow 1200mV 85C Model Minimum Pulse Width 'CLOCK_50'
Slack : 9.777
TNS   : 0.000

Type  : Slow 1200mV 85C Model Minimum Pulse Width 'CLOCK2_50'
Slack : 16.000
TNS   : 0.000

Type  : Slow 1200mV 85C Model Minimum Pulse Width 'CLOCK3_50'
Slack : 16.000
TNS   : 0.000

Type  : Slow 1200mV 85C Model Minimum Pulse Width 'altera_reserved_tck'
Slack : 49.748
TNS   : 0.000

Type  : Slow 1200mV 0C Model Setup 'u0|pcie_ip|pcie_internal_hip|cyclone_iii.cycloneiv_hssi_pcie_hip|coreclkout'
Slack : 0.240
TNS   : 0.000

Type  : Slow 1200mV 0C Model Setup 'n/a'
Slack : 14.285
TNS   : 0.000

Type  : Slow 1200mV 0C Model Setup 'CLOCK_50'
Slack : 17.028
TNS   : 0.000

Type  : Slow 1200mV 0C Model Setup 'altera_reserved_tck'
Slack : 47.036
TNS   : 0.000

Type  : Slow 1200mV 0C Model Hold 'u0|pcie_ip|pcie_internal_hip|cyclone_iii.cycloneiv_hssi_pcie_hip|coreclkout'
Slack : 0.293
TNS   : 0.000

Type  : Slow 1200mV 0C Model Hold 'altera_reserved_tck'
Slack : 0.343
TNS   : 0.000

Type  : Slow 1200mV 0C Model Hold 'CLOCK_50'
Slack : 0.354
TNS   : 0.000

Type  : Slow 1200mV 0C Model Hold 'n/a'
Slack : 5.242
TNS   : 0.000

Type  : Slow 1200mV 0C Model Recovery 'u0|pcie_ip|pcie_internal_hip|cyclone_iii.cycloneiv_hssi_pcie_hip|coreclkout'
Slack : 3.644
TNS   : 0.000

Type  : Slow 1200mV 0C Model Recovery 'altera_reserved_tck'
Slack : 48.491
TNS   : 0.000

Type  : Slow 1200mV 0C Model Removal 'u0|pcie_ip|pcie_internal_hip|cyclone_iii.cycloneiv_hssi_pcie_hip|coreclkout'
Slack : 0.941
TNS   : 0.000

Type  : Slow 1200mV 0C Model Removal 'altera_reserved_tck'
Slack : 1.034
TNS   : 0.000

Type  : Slow 1200mV 0C Model Minimum Pulse Width 'u0|pcie_ip|altgx_internal|de2i_150_qsys_pcie_ip_altgx_internal_alt_c3gxb_u7h8_component|transmit_pcs0|hiptxclkout'
Slack : 2.000
TNS   : 0.000

Type  : Slow 1200mV 0C Model Minimum Pulse Width 'u0|pcie_ip|altgx_internal|de2i_150_qsys_pcie_ip_altgx_internal_alt_c3gxb_u7h8_component|transmit_pma0|clockout'
Slack : 2.000
TNS   : 0.000

Type  : Slow 1200mV 0C Model Minimum Pulse Width 'u0|pcie_ip|pcie_internal_hip|cyclone_iii.cycloneiv_hssi_pcie_hip|coreclkout'
Slack : 3.525
TNS   : 0.000

Type  : Slow 1200mV 0C Model Minimum Pulse Width 'u0|pcie_ip|pcie_internal_hip|cyclone_iii.cycloneiv_hssi_pcie_hip|pclkch0'
Slack : 3.971
TNS   : 0.000

Type  : Slow 1200mV 0C Model Minimum Pulse Width 'refclk'
Slack : 4.811
TNS   : 0.000

Type  : Slow 1200mV 0C Model Minimum Pulse Width 'CLOCK_50'
Slack : 9.772
TNS   : 0.000

Type  : Slow 1200mV 0C Model Minimum Pulse Width 'CLOCK2_50'
Slack : 16.000
TNS   : 0.000

Type  : Slow 1200mV 0C Model Minimum Pulse Width 'CLOCK3_50'
Slack : 16.000
TNS   : 0.000

Type  : Slow 1200mV 0C Model Minimum Pulse Width 'altera_reserved_tck'
Slack : 49.730
TNS   : 0.000

Type  : Fast 1200mV 0C Model Setup 'u0|pcie_ip|pcie_internal_hip|cyclone_iii.cycloneiv_hssi_pcie_hip|coreclkout'
Slack : 3.795
TNS   : 0.000

Type  : Fast 1200mV 0C Model Setup 'n/a'
Slack : 16.772
TNS   : 0.000

Type  : Fast 1200mV 0C Model Setup 'CLOCK_50'
Slack : 18.348
TNS   : 0.000

Type  : Fast 1200mV 0C Model Setup 'altera_reserved_tck'
Slack : 48.719
TNS   : 0.000

Type  : Fast 1200mV 0C Model Hold 'u0|pcie_ip|pcie_internal_hip|cyclone_iii.cycloneiv_hssi_pcie_hip|coreclkout'
Slack : 0.111
TNS   : 0.000

Type  : Fast 1200mV 0C Model Hold 'altera_reserved_tck'
Slack : 0.172
TNS   : 0.000

Type  : Fast 1200mV 0C Model Hold 'CLOCK_50'
Slack : 0.181
TNS   : 0.000

Type  : Fast 1200mV 0C Model Hold 'n/a'
Slack : 2.905
TNS   : 0.000

Type  : Fast 1200mV 0C Model Recovery 'u0|pcie_ip|pcie_internal_hip|cyclone_iii.cycloneiv_hssi_pcie_hip|coreclkout'
Slack : 5.491
TNS   : 0.000

Type  : Fast 1200mV 0C Model Recovery 'altera_reserved_tck'
Slack : 49.504
TNS   : 0.000

Type  : Fast 1200mV 0C Model Removal 'u0|pcie_ip|pcie_internal_hip|cyclone_iii.cycloneiv_hssi_pcie_hip|coreclkout'
Slack : 0.490
TNS   : 0.000

Type  : Fast 1200mV 0C Model Removal 'altera_reserved_tck'
Slack : 0.543
TNS   : 0.000

Type  : Fast 1200mV 0C Model Minimum Pulse Width 'u0|pcie_ip|altgx_internal|de2i_150_qsys_pcie_ip_altgx_internal_alt_c3gxb_u7h8_component|transmit_pcs0|hiptxclkout'
Slack : 2.000
TNS   : 0.000

Type  : Fast 1200mV 0C Model Minimum Pulse Width 'u0|pcie_ip|altgx_internal|de2i_150_qsys_pcie_ip_altgx_internal_alt_c3gxb_u7h8_component|transmit_pma0|clockout'
Slack : 2.000
TNS   : 0.000

Type  : Fast 1200mV 0C Model Minimum Pulse Width 'u0|pcie_ip|pcie_internal_hip|cyclone_iii.cycloneiv_hssi_pcie_hip|coreclkout'
Slack : 3.682
TNS   : 0.000

Type  : Fast 1200mV 0C Model Minimum Pulse Width 'u0|pcie_ip|pcie_internal_hip|cyclone_iii.cycloneiv_hssi_pcie_hip|pclkch0'
Slack : 3.994
TNS   : 0.000

Type  : Fast 1200mV 0C Model Minimum Pulse Width 'refclk'
Slack : 4.570
TNS   : 0.000

Type  : Fast 1200mV 0C Model Minimum Pulse Width 'CLOCK_50'
Slack : 9.316
TNS   : 0.000

Type  : Fast 1200mV 0C Model Minimum Pulse Width 'CLOCK2_50'
Slack : 16.000
TNS   : 0.000

Type  : Fast 1200mV 0C Model Minimum Pulse Width 'CLOCK3_50'
Slack : 16.000
TNS   : 0.000

Type  : Fast 1200mV 0C Model Minimum Pulse Width 'altera_reserved_tck'
Slack : 49.438
TNS   : 0.000

------------------------------------------------------------
